---
source: src/lib.rs
description: "1 + \"foo\";\n"
input_file: test_programs/err_runtime/type_mismatch_add.lox
---

