---
source: src/lib.rs
description: "print \"Hello,\n"
input_file: test_programs/err_compile/string_unterminated.lox
---
[line 2] Error: Unterminated string.

